
> startjobs@0.0.0 build
> tsc -b && vite build

src/components/ContactSearchModal.tsx(80,7): error TS2322: Type '{ children: Element[]; open: boolean; onClose: () => void; TransitionComponent: ForwardRefExoticComponent<TransitionProps & { children: ReactElement<any, any>; } & RefAttributes<unknown>>; PaperProps: { ...; }; }' is not assignable to type 'IntrinsicAttributes & DialogProps'.
  Property 'TransitionComponent' does not exist on type 'IntrinsicAttributes & DialogProps'.
src/components/ContactSearchModal.tsx(137,14): error TS2769: No overload matches this call.
  Overload 1 of 2, '(props: { component: ElementType<any, keyof IntrinsicElements>; } & TypographyOwnProps & CommonProps & Omit<any, "color" | ... 9 more ... | "variantMapping">): Element | null', gave the following error.
    Property 'component' is missing in type '{ children: string; variant: "body1"; fontWeight: number; }' but required in type '{ component: ElementType<any, keyof IntrinsicElements>; }'.
  Overload 2 of 2, '(props: DefaultComponentProps<TypographyTypeMap<{}, "span">>): Element | null', gave the following error.
    Type '{ children: string; variant: "body1"; fontWeight: number; }' is not assignable to type 'IntrinsicAttributes & TypographyOwnProps & CommonProps & Omit<DetailedHTMLProps<HTMLAttributes<HTMLSpanElement>, HTMLSpanElement>, "color" | ... 9 more ... | "variantMapping">'.
      Property 'fontWeight' does not exist on type 'IntrinsicAttributes & TypographyOwnProps & CommonProps & Omit<DetailedHTMLProps<HTMLAttributes<HTMLSpanElement>, HTMLSpanElement>, "color" | ... 9 more ... | "variantMapping">'.
src/components/ContactSearchModal.tsx(138,14): error TS2769: No overload matches this call.
  Overload 1 of 2, '(props: { component: ElementType<any, keyof IntrinsicElements>; } & TypographyOwnProps & CommonProps & Omit<any, "color" | ... 9 more ... | "variantMapping">): Element | null', gave the following error.
    Property 'component' is missing in type '{ children: string; variant: "body2"; textAlign: string; }' but required in type '{ component: ElementType<any, keyof IntrinsicElements>; }'.
  Overload 2 of 2, '(props: DefaultComponentProps<TypographyTypeMap<{}, "span">>): Element | null', gave the following error.
    Type '{ children: string; variant: "body2"; textAlign: string; }' is not assignable to type 'IntrinsicAttributes & TypographyOwnProps & CommonProps & Omit<DetailedHTMLProps<HTMLAttributes<HTMLSpanElement>, HTMLSpanElement>, "color" | ... 9 more ... | "variantMapping">'.
      Property 'textAlign' does not exist on type 'IntrinsicAttributes & TypographyOwnProps & CommonProps & Omit<DetailedHTMLProps<HTMLAttributes<HTMLSpanElement>, HTMLSpanElement>, "color" | ... 9 more ... | "variantMapping">'.
src/components/ContactSearchModal.tsx(164,22): error TS2769: No overload matches this call.
  Overload 1 of 2, '(props: { component: ElementType<any, keyof IntrinsicElements>; } & TypographyOwnProps & CommonProps & Omit<any, "color" | ... 9 more ... | "variantMapping">): Element | null', gave the following error.
    Property 'component' is missing in type '{ children: any; variant: "subtitle1"; fontWeight: number; }' but required in type '{ component: ElementType<any, keyof IntrinsicElements>; }'.
  Overload 2 of 2, '(props: DefaultComponentProps<TypographyTypeMap<{}, "span">>): Element | null', gave the following error.
    Type '{ children: any; variant: "subtitle1"; fontWeight: number; }' is not assignable to type 'IntrinsicAttributes & TypographyOwnProps & CommonProps & Omit<DetailedHTMLProps<HTMLAttributes<HTMLSpanElement>, HTMLSpanElement>, "color" | ... 9 more ... | "variantMapping">'.
      Property 'fontWeight' does not exist on type 'IntrinsicAttributes & TypographyOwnProps & CommonProps & Omit<DetailedHTMLProps<HTMLAttributes<HTMLSpanElement>, HTMLSpanElement>, "color" | ... 9 more ... | "variantMapping">'.
src/components/TikTokShareModal.tsx(69,7): error TS2322: Type '{ children: (false | Element)[]; open: boolean; onClose: () => void; TransitionComponent: ForwardRefExoticComponent<TransitionProps & { children: ReactElement<any, any>; } & RefAttributes<...>>; PaperProps: { ...; }; }' is not assignable to type 'IntrinsicAttributes & DialogProps'.
  Property 'TransitionComponent' does not exist on type 'IntrinsicAttributes & DialogProps'.
src/pages/AdminMessagesPage.tsx(1247,9): error TS2451: Cannot redeclare block-scoped variable 'sendMessage'.
src/pages/AdminMessagesPage.tsx(1553,9): error TS2451: Cannot redeclare block-scoped variable 'sendMessage'.
src/pages/AdminMessagesPage.tsx(1662,17): error TS2304: Cannot find name 'isMobile'.
src/pages/AdminMessagesPage.tsx(1733,17): error TS2304: Cannot find name 'isMobile'.
src/pages/AdminMessagesPage.tsx(1963,28): error TS2304: Cannot find name 'DescriptionIcon'.
src/pages/AdminMessagesPage.tsx(2102,24): error TS2304: Cannot find name 'CloseIcon'.
src/pages/MessagesPage.tsx(1038,9): error TS2451: Cannot redeclare block-scoped variable 'sendMessage'.
src/pages/MessagesPage.tsx(1592,9): error TS2451: Cannot redeclare block-scoped variable 'sendMessage'.
src/pages/MessagesPage.tsx(2294,24): error TS2304: Cannot find name 'CloseIcon'.
src/pages/MessagesPage.tsx(2450,24): error TS2304: Cannot find name 'AttachFileIcon'.
src/pages/ProfileDetailPage.tsx(20,27): error TS2307: Cannot find module '../components/ProfileAvatar' or its corresponding type declarations.
