src/components/OfferCard.tsx(179,17): error TS1117: An object literal cannot have multiple properties with the same name.
src/components/OfferCard.tsx(180,17): error TS1117: An object literal cannot have multiple properties with the same name.
src/components/ProfileCard.tsx(115,19): error TS1117: An object literal cannot have multiple properties with the same name.
src/components/SearchBar.tsx(8,10): error TS2614: Module '"../store/slices/filtersSlice"' has no exported member 'toggleDomain'. Did you mean to use 'import toggleDomain from "../store/slices/filtersSlice"' instead?
src/components/SearchBar.tsx(8,24): error TS2614: Module '"../store/slices/filtersSlice"' has no exported member 'toggleAvailability'. Did you mean to use 'import toggleAvailability from "../store/slices/filtersSlice"' instead?
src/components/SearchBar.tsx(8,44): error TS2614: Module '"../store/slices/filtersSlice"' has no exported member 'setRadius'. Did you mean to use 'import setRadius from "../store/slices/filtersSlice"' instead?
src/components/SearchBar.tsx(21,38): error TS2551: Property 'domaines' does not exist on type 'FiltersState'. Did you mean 'domaine'?
src/components/SearchBar.tsx(21,64): error TS2551: Property 'disponibilites' does not exist on type 'FiltersState'. Did you mean 'disponible'?
src/components/SearchBar.tsx(74,34): error TS2551: Property 'domaines' does not exist on type 'FiltersState'. Did you mean 'domaine'?
src/components/SearchBar.tsx(75,32): error TS2551: Property 'domaines' does not exist on type 'FiltersState'. Did you mean 'domaine'?
src/components/SearchBar.tsx(78,39): error TS2551: Property 'domaines' does not exist on type 'FiltersState'. Did you mean 'domaine'?
src/components/SearchBar.tsx(95,34): error TS2551: Property 'disponibilites' does not exist on type 'FiltersState'. Did you mean 'disponible'?
src/components/SearchBar.tsx(96,32): error TS2551: Property 'disponibilites' does not exist on type 'FiltersState'. Did you mean 'disponible'?
src/components/SearchBar.tsx(99,39): error TS2551: Property 'disponibilites' does not exist on type 'FiltersState'. Did you mean 'disponible'?
src/pages/LandingPage.tsx(81,10): error TS2769: No overload matches this call.
  Overload 1 of 2, '(props: { component: ElementType<any, keyof IntrinsicElements>; } & StackOwnProps & CommonProps & Omit<any, keyof CommonProps | keyof StackOwnProps>): Element | null', gave the following error.
    Property 'component' is missing in type '{ children: Element[]; direction: "row"; spacing: number; alignItems: string; }' but required in type '{ component: ElementType<any, keyof IntrinsicElements>; }'.
  Overload 2 of 2, '(props: DefaultComponentProps<StackTypeMap<{}, "div">>): Element | null', gave the following error.
    Type '{ children: Element[]; direction: "row"; spacing: number; alignItems: string; }' is not assignable to type 'IntrinsicAttributes & StackOwnProps & CommonProps & Omit<DetailedHTMLProps<HTMLAttributes<HTMLDivElement>, HTMLDivElement>, keyof CommonProps | keyof StackOwnProps>'.
      Property 'alignItems' does not exist on type 'IntrinsicAttributes & StackOwnProps & CommonProps & Omit<DetailedHTMLProps<HTMLAttributes<HTMLDivElement>, HTMLDivElement>, keyof CommonProps | keyof StackOwnProps>'.
src/pages/LandingPage.tsx(136,10): error TS2769: No overload matches this call.
  Overload 1 of 2, '(props: { component: ElementType<any, keyof IntrinsicElements>; } & StackOwnProps & CommonProps & Omit<any, keyof CommonProps | keyof StackOwnProps>): Element | null', gave the following error.
    Property 'component' is missing in type '{ children: Element[]; direction: { xs: "column"; sm: "row"; }; spacing: number; justifyContent: string; }' but required in type '{ component: ElementType<any, keyof IntrinsicElements>; }'.
  Overload 2 of 2, '(props: DefaultComponentProps<StackTypeMap<{}, "div">>): Element | null', gave the following error.
    Type '{ children: Element[]; direction: { xs: "column"; sm: "row"; }; spacing: number; justifyContent: string; }' is not assignable to type 'IntrinsicAttributes & StackOwnProps & CommonProps & Omit<DetailedHTMLProps<HTMLAttributes<HTMLDivElement>, HTMLDivElement>, keyof CommonProps | keyof StackOwnProps>'.
      Property 'justifyContent' does not exist on type 'IntrinsicAttributes & StackOwnProps & CommonProps & Omit<DetailedHTMLProps<HTMLAttributes<HTMLDivElement>, HTMLDivElement>, keyof CommonProps | keyof StackOwnProps>'.
src/pages/ProfileDetailPage.tsx(84,16): error TS2304: Cannot find name 'PlaceIcon'.
src/pages/ProfileDetailPage.tsx(90,14): error TS2304: Cannot find name 'ReputationBadge'.
src/pages/RatingPage.tsx(59,22): error TS18047: 'stars' is possibly 'null'.
src/pages/RatingPage.tsx(59,54): error TS18047: 'stars' is possibly 'null'.
src/pages/RatingPage.tsx(62,14): error TS18047: 'stars' is possibly 'null'.
src/pages/RatingPage.tsx(62,45): error TS18047: 'stars' is possibly 'null'.
